{
  "version": "1.5.0",
  "plugins_used": [
    {
      "name": "ArtifactoryDetector"
    },
    {
      "name": "AWSKeyDetector"
    },
    {
      "name": "AzureStorageKeyDetector"
    },
    {
      "name": "Base64HighEntropyString",
      "limit": 4.5
    },
    {
      "name": "BasicAuthDetector"
    },
    {
      "name": "CloudantDetector"
    },
    {
      "name": "DiscordBotTokenDetector"
    },
    {
      "name": "GitHubTokenDetector"
    },
    {
      "name": "GitLabTokenDetector"
    },
    {
      "name": "HexHighEntropyString",
      "limit": 3.0
    },
    {
      "name": "IbmCloudIamDetector"
    },
    {
      "name": "IbmCosHmacDetector"
    },
    {
      "name": "IPPublicDetector"
    },
    {
      "name": "JwtTokenDetector"
    },
    {
      "name": "KeywordDetector",
      "keyword_exclude": ""
    },
    {
      "name": "MailchimpDetector"
    },
    {
      "name": "NpmDetector"
    },
    {
      "name": "OpenAIDetector"
    },
    {
      "name": "PrivateKeyDetector"
    },
    {
      "name": "PypiTokenDetector"
    },
    {
      "name": "SendGridDetector"
    },
    {
      "name": "SlackDetector"
    },
    {
      "name": "SoftlayerDetector"
    },
    {
      "name": "SquareOAuthDetector"
    },
    {
      "name": "StripeDetector"
    },
    {
      "name": "TelegramBotTokenDetector"
    },
    {
      "name": "TwilioKeyDetector"
    }
  ],
  "filters_used": [
    {
      "path": "detect_secrets.filters.allowlist.is_line_allowlisted"
    },
    {
      "path": "detect_secrets.filters.common.is_baseline_file",
      "filename": ".secrets.baseline"
    },
    {
      "path": "detect_secrets.filters.common.is_ignored_due_to_verification_policies",
      "min_level": 2
    },
    {
      "path": "detect_secrets.filters.heuristic.is_indirect_reference"
    },
    {
      "path": "detect_secrets.filters.heuristic.is_likely_id_string"
    },
    {
      "path": "detect_secrets.filters.heuristic.is_lock_file"
    },
    {
      "path": "detect_secrets.filters.heuristic.is_not_alphanumeric_string"
    },
    {
      "path": "detect_secrets.filters.heuristic.is_potential_uuid"
    },
    {
      "path": "detect_secrets.filters.heuristic.is_prefixed_with_dollar_sign"
    },
    {
      "path": "detect_secrets.filters.heuristic.is_sequential_string"
    },
    {
      "path": "detect_secrets.filters.heuristic.is_swagger_file"
    },
    {
      "path": "detect_secrets.filters.heuristic.is_templated_secret"
    },
    {
      "path": "detect_secrets.filters.regex.should_exclude_file",
      "pattern": [
        "^\\.git/"
      ]
    }
  ],
  "results": {
    ".env.example": [
      {
        "type": "Basic Auth Credentials",
        "filename": ".env.example",
        "hashed_secret": "d85f049192fb38c26feb551c63d62dc79fd9056d",
        "is_verified": false,
        "line_number": 4
      }
    ],
    ".github/workflows/ci.yml": [
      {
        "type": "Secret Keyword",
        "filename": ".github/workflows/ci.yml",
        "hashed_secret": "d85f049192fb38c26feb551c63d62dc79fd9056d",
        "is_verified": false,
        "line_number": 17
      }
    ],
    "alembic.ini": [
      {
        "type": "Basic Auth Credentials",
        "filename": "alembic.ini",
        "hashed_secret": "d85f049192fb38c26feb551c63d62dc79fd9056d",
        "is_verified": false,
        "line_number": 4
      }
    ],
    "backend/alembic.ini": [
      {
        "type": "Basic Auth Credentials",
        "filename": "backend/alembic.ini",
        "hashed_secret": "d85f049192fb38c26feb551c63d62dc79fd9056d",
        "is_verified": false,
        "line_number": 5
      }
    ],
    "backend/tests/api/test_authentication_api.py": [
      {
        "type": "Basic Auth Credentials",
        "filename": "backend/tests/api/test_authentication_api.py",
        "hashed_secret": "d85f049192fb38c26feb551c63d62dc79fd9056d",
        "is_verified": false,
        "line_number": 31
      },
      {
        "type": "Secret Keyword",
        "filename": "backend/tests/api/test_authentication_api.py",
        "hashed_secret": "6a43258c43b920b6e2eb494ea3746156179b6f53",
        "is_verified": false,
        "line_number": 43
      },
      {
        "type": "Secret Keyword",
        "filename": "backend/tests/api/test_authentication_api.py",
        "hashed_secret": "7b556364fd4ccc28f313881e3e3533cfb57a3bb9",
        "is_verified": false,
        "line_number": 217
      }
    ],
    "backend/tests/api/test_consultation_api.py": [
      {
        "type": "Basic Auth Credentials",
        "filename": "backend/tests/api/test_consultation_api.py",
        "hashed_secret": "d85f049192fb38c26feb551c63d62dc79fd9056d",
        "is_verified": false,
        "line_number": 21
      }
    ],
    "backend/tests/api/test_consultation_authenticated_api.py": [
      {
        "type": "Basic Auth Credentials",
        "filename": "backend/tests/api/test_consultation_authenticated_api.py",
        "hashed_secret": "d85f049192fb38c26feb551c63d62dc79fd9056d",
        "is_verified": false,
        "line_number": 26
      }
    ],
    "backend/tests/api/test_dce_authenticated_api.py": [
      {
        "type": "Basic Auth Credentials",
        "filename": "backend/tests/api/test_dce_authenticated_api.py",
        "hashed_secret": "d85f049192fb38c26feb551c63d62dc79fd9056d",
        "is_verified": false,
        "line_number": 36
      }
    ],
    "backend/tests/application/test_command_dispatcher.py": [
      {
        "type": "Basic Auth Credentials",
        "filename": "backend/tests/application/test_command_dispatcher.py",
        "hashed_secret": "d85f049192fb38c26feb551c63d62dc79fd9056d",
        "is_verified": false,
        "line_number": 31
      }
    ],
    "backend/tests/application/test_dce_document_classification.py": [
      {
        "type": "Basic Auth Credentials",
        "filename": "backend/tests/application/test_dce_document_classification.py",
        "hashed_secret": "d85f049192fb38c26feb551c63d62dc79fd9056d",
        "is_verified": false,
        "line_number": 44
      }
    ],
    "backend/tests/application/test_dce_document_extraction.py": [
      {
        "type": "Basic Auth Credentials",
        "filename": "backend/tests/application/test_dce_document_extraction.py",
        "hashed_secret": "d85f049192fb38c26feb551c63d62dc79fd9056d",
        "is_verified": false,
        "line_number": 40
      }
    ],
    "backend/tests/application/test_dce_rc_analysis.py": [
      {
        "type": "Basic Auth Credentials",
        "filename": "backend/tests/application/test_dce_rc_analysis.py",
        "hashed_secret": "d85f049192fb38c26feb551c63d62dc79fd9056d",
        "is_verified": false,
        "line_number": 42
      }
    ],
    "backend/tests/application/test_dce_retention.py": [
      {
        "type": "Basic Auth Credentials",
        "filename": "backend/tests/application/test_dce_retention.py",
        "hashed_secret": "d85f049192fb38c26feb551c63d62dc79fd9056d",
        "is_verified": false,
        "line_number": 31
      }
    ],
    "backend/tests/application/test_dce_staging.py": [
      {
        "type": "Basic Auth Credentials",
        "filename": "backend/tests/application/test_dce_staging.py",
        "hashed_secret": "d85f049192fb38c26feb551c63d62dc79fd9056d",
        "is_verified": false,
        "line_number": 37
      }
    ],
    "backend/tests/application/test_dce_upload.py": [
      {
        "type": "Basic Auth Credentials",
        "filename": "backend/tests/application/test_dce_upload.py",
        "hashed_secret": "d85f049192fb38c26feb551c63d62dc79fd9056d",
        "is_verified": false,
        "line_number": 41
      }
    ],
    "backend/tests/application/test_register_dce_version.py": [
      {
        "type": "Basic Auth Credentials",
        "filename": "backend/tests/application/test_register_dce_version.py",
        "hashed_secret": "d85f049192fb38c26feb551c63d62dc79fd9056d",
        "is_verified": false,
        "line_number": 31
      }
    ],
    "backend/tests/db/test_aggregate_repositories.py": [
      {
        "type": "Basic Auth Credentials",
        "filename": "backend/tests/db/test_aggregate_repositories.py",
        "hashed_secret": "d85f049192fb38c26feb551c63d62dc79fd9056d",
        "is_verified": false,
        "line_number": 25
      }
    ],
    "backend/tests/db/test_case_assignment_persistence.py": [
      {
        "type": "Basic Auth Credentials",
        "filename": "backend/tests/db/test_case_assignment_persistence.py",
        "hashed_secret": "d85f049192fb38c26feb551c63d62dc79fd9056d",
        "is_verified": false,
        "line_number": 23
      }
    ],
    "backend/tests/db/test_case_persistence.py": [
      {
        "type": "Basic Auth Credentials",
        "filename": "backend/tests/db/test_case_persistence.py",
        "hashed_secret": "d85f049192fb38c26feb551c63d62dc79fd9056d",
        "is_verified": false,
        "line_number": 17
      }
    ],
    "backend/tests/db/test_consultation_dce_persistence.py": [
      {
        "type": "Basic Auth Credentials",
        "filename": "backend/tests/db/test_consultation_dce_persistence.py",
        "hashed_secret": "d85f049192fb38c26feb551c63d62dc79fd9056d",
        "is_verified": false,
        "line_number": 17
      }
    ],
    "backend/tests/db/test_decision_persistence.py": [
      {
        "type": "Basic Auth Credentials",
        "filename": "backend/tests/db/test_decision_persistence.py",
        "hashed_secret": "d85f049192fb38c26feb551c63d62dc79fd9056d",
        "is_verified": false,
        "line_number": 17
      }
    ],
    "backend/tests/db/test_identity_membership_persistence.py": [
      {
        "type": "Basic Auth Credentials",
        "filename": "backend/tests/db/test_identity_membership_persistence.py",
        "hashed_secret": "d85f049192fb38c26feb551c63d62dc79fd9056d",
        "is_verified": false,
        "line_number": 18
      },
      {
        "type": "Secret Keyword",
        "filename": "backend/tests/db/test_identity_membership_persistence.py",
        "hashed_secret": "e3e0b7dcc68e3318c56327ffdec981c6c456e585",
        "is_verified": false,
        "line_number": 193
      }
    ],
    "backend/tests/db/test_platform_command_durability.py": [
      {
        "type": "Basic Auth Credentials",
        "filename": "backend/tests/db/test_platform_command_durability.py",
        "hashed_secret": "d85f049192fb38c26feb551c63d62dc79fd9056d",
        "is_verified": false,
        "line_number": 17
      }
    ],
    "backend/tests/db/test_session_mfa_persistence.py": [
      {
        "type": "Basic Auth Credentials",
        "filename": "backend/tests/db/test_session_mfa_persistence.py",
        "hashed_secret": "d85f049192fb38c26feb551c63d62dc79fd9056d",
        "is_verified": false,
        "line_number": 18
      }
    ],
    "backend/tests/integration/test_m1_tender_lifecycle.py": [
      {
        "type": "Basic Auth Credentials",
        "filename": "backend/tests/integration/test_m1_tender_lifecycle.py",
        "hashed_secret": "d85f049192fb38c26feb551c63d62dc79fd9056d",
        "is_verified": false,
        "line_number": 18
      }
    ],
    "backend/tests/security/test_authenticated_context_capabilities.py": [
      {
        "type": "Basic Auth Credentials",
        "filename": "backend/tests/security/test_authenticated_context_capabilities.py",
        "hashed_secret": "d85f049192fb38c26feb551c63d62dc79fd9056d",
        "is_verified": false,
        "line_number": 26
      }
    ],
    "backend/tests/security/test_authentication_services.py": [
      {
        "type": "Basic Auth Credentials",
        "filename": "backend/tests/security/test_authentication_services.py",
        "hashed_secret": "d85f049192fb38c26feb551c63d62dc79fd9056d",
        "is_verified": false,
        "line_number": 35
      },
      {
        "type": "Secret Keyword",
        "filename": "backend/tests/security/test_authentication_services.py",
        "hashed_secret": "6a43258c43b920b6e2eb494ea3746156179b6f53",
        "is_verified": false,
        "line_number": 47
      },
      {
        "type": "Secret Keyword",
        "filename": "backend/tests/security/test_authentication_services.py",
        "hashed_secret": "7b556364fd4ccc28f313881e3e3533cfb57a3bb9",
        "is_verified": false,
        "line_number": 211
      }
    ],
    "backend/tests/security/test_security_audit_integration.py": [
      {
        "type": "Basic Auth Credentials",
        "filename": "backend/tests/security/test_security_audit_integration.py",
        "hashed_secret": "d85f049192fb38c26feb551c63d62dc79fd9056d",
        "is_verified": false,
        "line_number": 43
      },
      {
        "type": "Secret Keyword",
        "filename": "backend/tests/security/test_security_audit_integration.py",
        "hashed_secret": "6a43258c43b920b6e2eb494ea3746156179b6f53",
        "is_verified": false,
        "line_number": 54
      },
      {
        "type": "Secret Keyword",
        "filename": "backend/tests/security/test_security_audit_integration.py",
        "hashed_secret": "6206ba804d6210ac2f9ebbe972a7dfeb2c6049ed",
        "is_verified": false,
        "line_number": 201
      }
    ],
    "backend/tests/security/test_security_audit_persistence.py": [
      {
        "type": "Basic Auth Credentials",
        "filename": "backend/tests/security/test_security_audit_persistence.py",
        "hashed_secret": "d85f049192fb38c26feb551c63d62dc79fd9056d",
        "is_verified": false,
        "line_number": 26
      },
      {
        "type": "Secret Keyword",
        "filename": "backend/tests/security/test_security_audit_persistence.py",
        "hashed_secret": "6fa686cfa5c4579db48e20bf6295755d23680067",
        "is_verified": false,
        "line_number": 177
      }
    ],
    "backend/tests/security/test_tenant_bootstrap_service.py": [
      {
        "type": "Basic Auth Credentials",
        "filename": "backend/tests/security/test_tenant_bootstrap_service.py",
        "hashed_secret": "d85f049192fb38c26feb551c63d62dc79fd9056d",
        "is_verified": false,
        "line_number": 31
      },
      {
        "type": "Secret Keyword",
        "filename": "backend/tests/security/test_tenant_bootstrap_service.py",
        "hashed_secret": "8a2b5b8cb3ce85e7ba17cc67f684e88730d499b3",
        "is_verified": false,
        "line_number": 117
      },
      {
        "type": "Secret Keyword",
        "filename": "backend/tests/security/test_tenant_bootstrap_service.py",
        "hashed_secret": "5692efb31e75115b188b4f5bf7f7dd3a0e9791a3",
        "is_verified": false,
        "line_number": 151
      }
    ],
    "docker-compose.yml": [
      {
        "type": "Basic Auth Credentials",
        "filename": "docker-compose.yml",
        "hashed_secret": "d85f049192fb38c26feb551c63d62dc79fd9056d",
        "is_verified": false,
        "line_number": 25
      }
    ],
    "docs/reference/SMART_AO_V8_APP_01_CONTRATS_PYDANTIC_PREMIER_SLICE.md": [
      {
        "type": "Hex High Entropy String",
        "filename": "docs/reference/SMART_AO_V8_APP_01_CONTRATS_PYDANTIC_PREMIER_SLICE.md",
        "hashed_secret": "f8cc72ab6076b3ee848cbf7e75f9dd6aad5e19b5",
        "is_verified": false,
        "line_number": 534
      }
    ]
  },
  "generated_at": "2026-08-14T10:37:43Z"
}
